// Jest Snapshot v1, https://goo.gl/fbAQLP

exports[`prefectureCode returns prefecture code hash 1`] = `
Object {
  "三重県": 24,
  "京都府": 26,
  "佐賀県": 41,
  "兵庫県": 28,
  "北海道": 1,
  "千葉県": 12,
  "和歌山県": 30,
  "埼玉県": 11,
  "大分県": 44,
  "大阪府": 27,
  "奈良県": 29,
  "宮城県": 4,
  "宮崎県": 45,
  "富山県": 16,
  "山口県": 35,
  "山形県": 6,
  "山梨県": 19,
  "岐阜県": 21,
  "岡山県": 33,
  "岩手県": 3,
  "島根県": 32,
  "広島県": 34,
  "徳島県": 36,
  "愛媛県": 38,
  "愛知県": 23,
  "新潟県": 15,
  "東京都": 13,
  "栃木県": 9,
  "沖縄県": 47,
  "滋賀県": 25,
  "熊本県": 43,
  "石川県": 17,
  "神奈川県": 14,
  "福井県": 18,
  "福岡県": 40,
  "福島県": 7,
  "秋田県": 5,
  "群馬県": 10,
  "茨城県": 8,
  "長崎県": 42,
  "長野県": 20,
  "青森県": 2,
  "静岡県": 22,
  "香川県": 37,
  "高知県": 39,
  "鳥取県": 31,
  "鹿児島県": 46,
}
`;
